// Jest Snapshot v1, https://goo.gl/fbAQLP

exports[`Login Page Snapshot Login 1`] = `ShallowWrapper {}`;
