// Jest Snapshot v1, https://goo.gl/fbAQLP

exports[`Manage Staff Page Snapshot Manage Staff 1`] = `ShallowWrapper {}`;
