// Jest Snapshot v1, https://goo.gl/fbAQLP

exports[`Setting Page Snapshot Setting 1`] = `ShallowWrapper {}`;
